
> @prism.enterprises/adaptive-reasoning-server@3.1.0 test:quick
> node test-adaptive-reasoning.js

[36m
≡ƒÜÇ Starting Comprehensive Adaptive Reasoning Server Tests
[0m
[34m
======================================================================[0m
[35m1. INITIALIZATION & SETUP[0m
[34m======================================================================[0m
node.exe : [03:12:53] [INFO] Enhanced Memory Manager initialized with SQLite, text optimization, and keyword extraction
At line:1 char:1
+ & "C:\Program Files\nodejs/node.exe" "C:\Program Files\nodejs/node_mo ...
+ ~~~~~~~~~~~~~~~~~~~~~~~~~~~~~~~~~~~~~~~~~~~~~~~~~~~~~~~~~~~~~~~~~~~~~
    + CategoryInfo          : NotSpecified: ([03:12:53] [INF...word extraction:String) [], RemoteException
    + FullyQualifiedErrorId : NativeCommandError
 
[03:12:53] [INFO] No existing memory files found - starting fresh
[32mΓ£ô Memory manager initialized successfully[0m
[32mΓ£ô .memory folder created at project root[0m
[36m  C:\MCP\memory-reasoning-servers\test-memory-integration\.memory[0m
[32mΓ£ô SQLite database created[0m
[36m  C:\MCP\memory-reasoning-servers\test-memory-integration\.memory\memory.db[0m
[32mΓ£ô Backups folder created[0m
[36m  C:\MCP\memory-reasoning-servers\test-memory-integration\.memory\backups[0m
[34m
======================================================================[0m
[35m2. BRANCH MANAGEMENT[0m
[34m======================================================================[0m
[32mΓ£ô Main branch exists by default[0m
[36m  Found 1 branch(es)[0m
[32mΓ£ô Created authentication branch[0m
[36m  Purpose: Authentication and security related knowledge[0m
[32mΓ£ô Created frontend branch[0m
[32mΓ£ô Created backend branch[0m
[32mΓ£ô All branches listed correctly[0m
[36m  Total branches: 4 (main, authentication, frontend, backend)[0m
[34m
======================================================================[0m
[35m3. ENTITY CREATION & STORAGE[0m
[34m======================================================================[0m
[03:12:53] [INFO] Backup created: 
C:\MCP\memory-reasoning-servers\test-memory-integration\.memory\backups\authentication_2025-11-24T03-12-53-189Z.json
[32mΓ£ô Created 3 entities in authentication branch[0m
[36m  Created: JWT Authentication System, User Model Schema, Login API Endpoint[0m
[03:12:53] [INFO] Backup created: 
C:\MCP\memory-reasoning-servers\test-memory-integration\.memory\backups\frontend_2025-11-24T03-12-53-193Z.json
[32mΓ£ô Created entity in frontend branch[0m
[03:12:53] [INFO] Backup created: 
C:\MCP\memory-reasoning-servers\test-memory-integration\.memory\backups\backend_2025-11-24T03-12-53-196Z.json
[32mΓ£ô Created entities in backend branch[0m
[34m
======================================================================[0m
[35m4. DATA FORMAT OPTIMIZATION (LLM-Optimized)[0m
[34m======================================================================[0m
[32mΓ£ô Entity has clear, descriptive name[0m
[32mΓ£ô Entity has detailed content field[0m
[36m  Content fields: content[0m
[32mΓ£ô Entity type is categorized for LLM understanding[0m
[36m  Type: pattern[0m
[32mΓ£ô Entity includes observations array for context[0m
[32mΓ£ô Entity has timestamp for temporal reasoning[0m
[36m  Timestamp fields: created[0m
[34m
======================================================================[0m
[35m5. ENTITY RETRIEVAL & SEARCH[0m
[34m======================================================================[0m
[32mΓ£ô Retrieved entity by exact name[0m
[36m  Found: JWT Authentication System[0m
[32mΓ£ô Retrieved all entities from authentication branch[0m
[36m  Count: 3[0m
[34m
======================================================================[0m
[35m6. SEMANTIC SEARCH & SIMILARITY[0m
[34m======================================================================[0m
[03:12:53] [INFO] Initialized modern similarity engine with sentence-similarity + natural
[32mΓ£ô Semantic similarity calculation working[0m
[36m  Auth-User similarity: 0.000, Auth-Frontend: 0.000[0m
[32mΓ£ô Keyword extraction identifies key terms[0m
[36m  Keywords: [object Object], [object Object], [object Object], [object Object], [object Object][0m
[34m
======================================================================[0m
[35m7. AUTOMATIC RELATIONSHIP DETECTION[0m
[34m======================================================================[0m
≡ƒÜÇ Initializing Relationship Indexer...
Γ£à Relationship Indexer ready
[36m  Detected 0 automatic relationships[0m
[32mΓ£ô Relationship detection system operational[0m
[34m
======================================================================[0m
[35m8. OBSERVATIONS & CONTEXT[0m
[34m======================================================================[0m
[32mΓ£ô Observations added successfully[0m
[36m  Total observations: 4[0m
[34m
======================================================================[0m
[35m9. CROSS-BRANCH REFERENCES[0m
[34m======================================================================[0m
[32mΓ£ô Cross-branch search finds relevant entities[0m
[36m  Found 1 entities across branches[0m
[36m  Entities found across branches: main[0m
[32mΓ£ô Cross-branch search operational[0m
[34m
======================================================================[0m
[35m10. ENTITY UPDATE & MODIFICATION[0m
[34m======================================================================[0m
[32mΓ£ô Entity content updated successfully[0m
[32mΓ£ô Updated entity persisted correctly[0m
[34m
======================================================================[0m
[35m11. ENTITY DELETION[0m
[34m======================================================================[0m
[03:12:54] [INFO] Backup created: 
C:\MCP\memory-reasoning-servers\test-memory-integration\.memory\backups\backend_2025-11-24T03-12-54-685Z.json
[32mΓ£ô Created temporary entity for deletion test[0m
[03:12:54] [INFO] Deleted entity "Temporary Test Entity" and all related data
[32mΓ£ô Entity deleted successfully[0m
[36m  Entity no longer retrievable[0m
[34m
======================================================================[0m
[35m12. BRANCH DELETION[0m
[34m======================================================================[0m
[32mΓ£ô Temporary branch created for deletion test[0m
[32mΓ£ô Branch deleted successfully[0m
[32mΓ£ô Main branch protected from deletion[0m
[34m
======================================================================[0m
[35m13. DATA IMPORT & EXPORT[0m
[34m======================================================================[0m
[32mΓ£ô Branch exported successfully[0m
[36m  Exported 3 entities, 0 relations[0m
[03:12:54] [INFO] Importing data to branch imported-test: 3 entities, 0 relations
[32mΓ£ô Data imported successfully[0m
[36m  Imported 3 entities[0m
[34m
======================================================================[0m
[35m14. MEMORY OPTIMIZATION[0m
[34m======================================================================[0m
[32mΓ£ô Memory optimizer compresses content for LLM[0m
[32mΓ£ô Keywords extracted for efficient retrieval[0m
[36m  Keywords: tokens, our, the, access, authentication[0m
[32mΓ£ô Named entities extracted[0m
[36m  Entities: Our, JSON, Web, Tokens, JWT[0m
[36m  Original length: 1145 chars[0m
[36m  Optimized length: 906 chars[0m
[36m  Compression ratio: 20.9%[0m
[34m
======================================================================[0m
[35m15. DATA PERSISTENCE & INTEGRITY[0m
[34m======================================================================[0m
[03:12:54] [INFO] Hybrid Memory Manager closed
[03:12:54] [INFO] Enhanced Memory Manager initialized with SQLite, text optimization, and keyword extraction
[03:12:54] [INFO] No existing memory files found - starting fresh
[32mΓ£ô Branches persisted across restart[0m
[36m  Found 5 branches after restart[0m
[32mΓ£ô Entities persisted across restart[0m
[36m  Retrieved: JWT Authentication System[0m
[03:12:54] [INFO] Hybrid Memory Manager closed
[34m
======================================================================[0m
[35m16. STRESS TEST - BULK OPERATIONS[0m
[34m======================================================================[0m
[03:12:54] [INFO] Enhanced Memory Manager initialized with SQLite, text optimization, and keyword extraction
[03:12:54] [INFO] No existing memory files found - starting fresh
[03:12:54] [INFO] Backup created: 
C:\MCP\memory-reasoning-servers\test-memory-integration\.memory\backups\main_2025-11-24T03-12-54-849Z.json
[32mΓ£ô Bulk entity creation successful[0m
[36m  Created 50 entities in 41ms (0.8ms per entity)[0m
[03:12:54] [INFO] Deleted entity "Bulk Test Entity 0" and all related data
[03:12:54] [INFO] Deleted entity "Bulk Test Entity 1" and all related data
[03:12:54] [INFO] Deleted entity "Bulk Test Entity 2" and all related data
[03:12:54] [INFO] Deleted entity "Bulk Test Entity 3" and all related data
[03:12:54] [INFO] Deleted entity "Bulk Test Entity 4" and all related data
[03:12:54] [INFO] Deleted entity "Bulk Test Entity 5" and all related data
[03:12:54] [INFO] Deleted entity "Bulk Test Entity 6" and all related data
[03:12:54] [INFO] Deleted entity "Bulk Test Entity 7" and all related data
[03:12:54] [INFO] Deleted entity "Bulk Test Entity 8" and all related data
[03:12:54] [INFO] Deleted entity "Bulk Test Entity 9" and all related data
[03:12:54] [INFO] Deleted entity "Bulk Test Entity 10" and all related data
[03:12:54] [INFO] Deleted entity "Bulk Test Entity 11" and all related data
[03:12:54] [INFO] Deleted entity "Bulk Test Entity 12" and all related data
[03:12:54] [INFO] Deleted entity "Bulk Test Entity 13" and all related data
[03:12:54] [INFO] Deleted entity "Bulk Test Entity 14" and all related data
[03:12:54] [INFO] Deleted entity "Bulk Test Entity 15" and all related data
[03:12:54] [INFO] Deleted entity "Bulk Test Entity 16" and all related data
[03:12:54] [INFO] Deleted entity "Bulk Test Entity 17" and all related data
[03:12:54] [INFO] Deleted entity "Bulk Test Entity 18" and all related data
[03:12:54] [INFO] Deleted entity "Bulk Test Entity 19" and all related data
[03:12:54] [INFO] Deleted entity "Bulk Test Entity 20" and all related data
[03:12:54] [INFO] Deleted entity "Bulk Test Entity 21" and all related data
[03:12:54] [INFO] Deleted entity "Bulk Test Entity 22" and all related data
[03:12:54] [INFO] Deleted entity "Bulk Test Entity 23" and all related data
[03:12:54] [INFO] Deleted entity "Bulk Test Entity 24" and all related data
[03:12:54] [INFO] Deleted entity "Bulk Test Entity 25" and all related data
[03:12:54] [INFO] Deleted entity "Bulk Test Entity 26" and all related data
[03:12:54] [INFO] Deleted entity "Bulk Test Entity 27" and all related data
[03:12:54] [INFO] Deleted entity "Bulk Test Entity 28" and all related data
[03:12:54] [INFO] Deleted entity "Bulk Test Entity 29" and all related data
[03:12:54] [INFO] Deleted entity "Bulk Test Entity 30" and all related data
[03:12:54] [INFO] Deleted entity "Bulk Test Entity 31" and all related data
[03:12:54] [INFO] Deleted entity "Bulk Test Entity 32" and all related data
[03:12:54] [INFO] Deleted entity "Bulk Test Entity 33" and all related data
[03:12:54] [INFO] Deleted entity "Bulk Test Entity 34" and all related data
[03:12:54] [INFO] Deleted entity "Bulk Test Entity 35" and all related data
[03:12:54] [INFO] Deleted entity "Bulk Test Entity 36" and all related data
[03:12:54] [INFO] Deleted entity "Bulk Test Entity 37" and all related data
[03:12:54] [INFO] Deleted entity "Bulk Test Entity 38" and all related data
[03:12:54] [INFO] Deleted entity "Bulk Test Entity 39" and all related data
[03:12:54] [INFO] Deleted entity "Bulk Test Entity 40" and all related data
[03:12:54] [INFO] Deleted entity "Bulk Test Entity 41" and all related data
[03:12:54] [INFO] Deleted entity "Bulk Test Entity 42" and all related data
[03:12:54] [INFO] Deleted entity "Bulk Test Entity 43" and all related data
[03:12:54] [INFO] Deleted entity "Bulk Test Entity 44" and all related data
[03:12:54] [INFO] Deleted entity "Bulk Test Entity 45" and all related data
[03:12:54] [INFO] Deleted entity "Bulk Test Entity 46" and all related data
[03:12:54] [INFO] Deleted entity "Bulk Test Entity 47" and all related data
[03:12:54] [INFO] Deleted entity "Bulk Test Entity 48" and all related data
[03:12:54] [INFO] Deleted entity "Bulk Test Entity 49" and all related data
[32mΓ£ô Bulk deletion successful[0m
[03:12:54] [INFO] Hybrid Memory Manager closed
[34m
======================================================================[0m
[35m17. FINAL VERIFICATION[0m
[34m======================================================================[0m
[03:12:54] [INFO] Enhanced Memory Manager initialized with SQLite, text optimization, and keyword extraction
[03:12:54] [INFO] No existing memory files found - starting fresh
[32mΓ£ô All branches intact after all operations[0m
[32mΓ£ô All authentication entities intact[0m
[03:12:54] [INFO] Hybrid Memory Manager closed
[34m
======================================================================[0m
[35m18. EDGE CASES - SIMILAR ENTITY NAMES[0m
[34m======================================================================[0m
[03:12:54] [INFO] Enhanced Memory Manager initialized with SQLite, text optimization, and keyword extraction
[03:12:54] [INFO] No existing memory files found - starting fresh
[03:12:54] [INFO] Backup created: 
C:\MCP\memory-reasoning-servers\test-memory-integration\.memory\backups\main_2025-11-24T03-12-54-983Z.json
[32mΓ£ô Created entities with similar names[0m
[36m  Created: User Authentication, User Authorization, User Verification[0m
[32mΓ£ô User Authentication retrieved correctly[0m
[32mΓ£ô User Authorization retrieved correctly[0m
[32mΓ£ô User Verification retrieved correctly[0m
[03:12:54] [INFO] Deleted old backup: authentication_2025-11-24T03-12-53-189Z.json
[03:12:54] [INFO] Hybrid Memory Manager closed
[34m
======================================================================[0m
[35m19. AUTOMATIC RELATIONSHIP CREATION[0m
[34m======================================================================[0m
[03:12:55] [INFO] Enhanced Memory Manager initialized with SQLite, text optimization, and keyword extraction
[03:12:55] [INFO] No existing memory files found - starting fresh
[03:12:55] [INFO] Backup created: 
C:\MCP\memory-reasoning-servers\test-memory-integration\.memory\backups\main_2025-11-24T03-12-55-038Z.json
[03:12:55] [INFO] Backup created: 
C:\MCP\memory-reasoning-servers\test-memory-integration\.memory\backups\main_2025-11-24T03-12-55-149Z.json
[03:12:55] [INFO] Starting automatic relationship detection...
[03:12:55] [INFO] No similar entities found for "Stripe Integration Module"
[03:12:55] [INFO] Auto-relationship detection complete: 0 relations created
[32mΓ£ô Related entity creation handled[0m
[03:12:55] [INFO] Deleted old backup: backend_2025-11-24T03-12-53-196Z.json
[03:12:55] [INFO] Deleted old backup: frontend_2025-11-24T03-12-53-193Z.json
[03:12:55] [INFO] Hybrid Memory Manager closed
[34m
======================================================================[0m
[35m20. RECALL & CONTEXT PRESERVATION[0m
[34m======================================================================[0m
[03:12:55] [INFO] Enhanced Memory Manager initialized with SQLite, text optimization, and keyword extraction
[03:12:55] [INFO] No existing memory files found - starting fresh
[03:12:55] [INFO] Added 3 observations to "Payment Processing Service"
[32mΓ£ô All observations preserved across additions[0m
[36m  Total observations: 6[0m
[32mΓ£ô Recent observations can be recalled[0m
[32mΓ£ô Original observations still accessible[0m
[03:12:55] [INFO] Hybrid Memory Manager closed
[34m
======================================================================[0m
[35m21. DATA PRIORITIZATION & STATUS MANAGEMENT[0m
[34m======================================================================[0m
[03:12:55] [INFO] Enhanced Memory Manager initialized with SQLite, text optimization, and keyword extraction
[03:12:55] [INFO] No existing memory files found - starting fresh
[03:12:55] [INFO] Backup created: 
C:\MCP\memory-reasoning-servers\test-memory-integration\.memory\backups\main_2025-11-24T03-12-55-289Z.json
[32mΓ£ô Status filtering prioritizes active entities[0m
[36m  Active: 2, All: 4[0m
[32mΓ£ô Archived entities excluded from default search[0m
[03:12:55] [INFO] Deleted old backup: backend_2025-11-24T03-12-54-685Z.json
[03:12:55] [INFO] Hybrid Memory Manager closed
[34m
======================================================================[0m
[35m22. CROSS-BRANCH CONTEXT & REFERENCES[0m
[34m======================================================================[0m
[03:12:55] [INFO] Enhanced Memory Manager initialized with SQLite, text optimization, and keyword extraction
[03:12:55] [INFO] No existing memory files found - starting fresh
[03:12:55] [INFO] Backup created: 
C:\MCP\memory-reasoning-servers\test-memory-integration\.memory\backups\frontend-ui_2025-11-24T03-12-55-356Z.json
[03:12:55] [INFO] Backup created: 
C:\MCP\memory-reasoning-servers\test-memory-integration\.memory\backups\backend-api_2025-11-24T03-12-55-358Z.json
[03:12:55] [INFO] Created cross-reference: "Payment UI Component" -> "Payment API Endpoint" (backend-api)
[32mΓ£ô Cross-referenced entity retrieved[0m
[03:12:55] [INFO] Deleted old backup: main_2025-11-24T03-12-54-983Z.json
[03:12:55] [INFO] Deleted old backup: main_2025-11-24T03-12-54-849Z.json
[03:12:55] [INFO] Hybrid Memory Manager closed
[34m
======================================================================[0m
[35m23. UNICODE & SPECIAL CHARACTERS[0m
[34m======================================================================[0m
[03:12:55] [INFO] Enhanced Memory Manager initialized with SQLite, text optimization, and keyword extraction
[03:12:55] [INFO] No existing memory files found - starting fresh
[03:12:55] [INFO] Backup created: 
C:\MCP\memory-reasoning-servers\test-memory-integration\.memory\backups\main_2025-11-24T03-12-55-420Z.json
[32mΓ£ô Unicode and special characters supported[0m
[36m  Chinese, French, and emoji entities created[0m
[32mΓ£ô Chinese characters retrieved correctly[0m
[03:12:55] [INFO] Deleted old backup: main_2025-11-24T03-12-55-038Z.json
[03:12:55] [INFO] Hybrid Memory Manager closed
[34m
======================================================================[0m
[35m24. LONG CONTENT & OPTIMIZATION[0m
[34m======================================================================[0m
[03:12:55] [INFO] Enhanced Memory Manager initialized with SQLite, text optimization, and keyword extraction
[03:12:55] [INFO] No existing memory files found - starting fresh
[03:12:55] [INFO] Backup created: 
C:\MCP\memory-reasoning-servers\test-memory-integration\.memory\backups\main_2025-11-24T03-12-55-481Z.json
[32mΓ£ô Long content stored and retrieved[0m
[36m  Content length: 1361 chars[0m
[03:12:55] [INFO] Deleted old backup: main_2025-11-24T03-12-55-149Z.json
[03:12:55] [INFO] Hybrid Memory Manager closed
[34m
======================================================================[0m
[35m25. CIRCULAR RELATIONSHIP HANDLING[0m
[34m======================================================================[0m
[03:12:55] [INFO] Enhanced Memory Manager initialized with SQLite, text optimization, and keyword extraction
[03:12:55] [INFO] No existing memory files found - starting fresh
[03:12:55] [INFO] Backup created: 
C:\MCP\memory-reasoning-servers\test-memory-integration\.memory\backups\main_2025-11-24T03-12-55-544Z.json
[03:12:55] [INFO] Created 2 of 2 relations in branch main
[32mΓ£ô Circular relationships handled correctly[0m
[03:12:55] [INFO] Deleted old backup: main_2025-11-24T03-12-55-289Z.json
[03:12:55] [INFO] Hybrid Memory Manager closed
[34m
======================================================================[0m
[35m26. ENTITY NAME COLLISION PREVENTION[0m
[34m======================================================================[0m
[03:12:55] [INFO] Enhanced Memory Manager initialized with SQLite, text optimization, and keyword extraction
[03:12:55] [INFO] No existing memory files found - starting fresh
[03:12:55] [INFO] Backup created: 
C:\MCP\memory-reasoning-servers\test-memory-integration\.memory\backups\main_2025-11-24T03-12-55-620Z.json
[03:12:55] [ERROR] Failed to create entity "Unique Entity Name": Error: Entity "Unique Entity Name" already exists
    at SQLiteEntityOperations.createSingleEntity 
(file:///C:/MCP/memory-reasoning-servers/dist/modules/sqlite/sqlite-entity-operations.js:124:19)
    at async SQLiteEntityOperations.createEntities 
(file:///C:/MCP/memory-reasoning-servers/dist/modules/sqlite/sqlite-entity-operations.js:15:39)
    at async ModularSQLiteOperations.createEntities 
(file:///C:/MCP/memory-reasoning-servers/dist/modules/sqlite/index.js:27:16)
    at async HybridMemoryManager.createEntities 
(file:///C:/MCP/memory-reasoning-servers/dist/modules/hybrid-memory-manager.js:109:28)
    at async runTests (file:///C:/MCP/memory-reasoning-servers/test-adaptive-reasoning.js:899:7)
[03:12:55] [INFO] Backup created: 
C:\MCP\memory-reasoning-servers\test-memory-integration\.memory\backups\main_2025-11-24T03-12-55-623Z.json
[31mΓ£ù Duplicate entity names prevented[0m
[33m  System rejects duplicate entity creation[0m
[03:12:55] [INFO] Deleted old backup: backend-api_2025-11-24T03-12-55-358Z.json
[03:12:55] [INFO] Deleted old backup: frontend-ui_2025-11-24T03-12-55-356Z.json
[03:12:55] [INFO] Hybrid Memory Manager closed
[34m
======================================================================[0m
[35m27. EMPTY & NULL VALUE HANDLING[0m
[34m======================================================================[0m
Γ¥î Failed to build initial index: Error: SQLITE_MISUSE: Database is closed
    at Database.all (C:\MCP\memory-reasoning-servers\node_modules\sqlite3\lib\sqlite3.js:19:27)
    at file:///C:/MCP/memory-reasoning-servers/dist/modules/sqlite/sqlite-connection.js:146:21
    at new Promise (<anonymous>)
    at SQLiteConnection.runQuery 
(file:///C:/MCP/memory-reasoning-servers/dist/modules/sqlite/sqlite-connection.js:141:16)
    at SQLiteBranchOperations.listBranches 
(file:///C:/MCP/memory-reasoning-servers/dist/modules/sqlite/sqlite-branch-operations.js:31:48)
    at ModularSQLiteOperations.listBranches 
(file:///C:/MCP/memory-reasoning-servers/dist/modules/sqlite/index.js:57:37)
    at HybridMemoryManager.listBranches 
(file:///C:/MCP/memory-reasoning-servers/dist/modules/hybrid-memory-manager.js:186:41)
    at RelationshipIndexer.buildInitialIndex 
(file:///C:/MCP/memory-reasoning-servers/dist/modules/relationship-indexer.js:177:55)
    at RelationshipIndexer.processTask 
(file:///C:/MCP/memory-reasoning-servers/dist/modules/relationship-indexer.js:71:28)
    at RelationshipIndexer.processTaskQueue 
(file:///C:/MCP/memory-reasoning-servers/dist/modules/relationship-indexer.js:48:28) {
  errno: 21,
  code: 'SQLITE_MISUSE'
}
[03:12:55] [INFO] Enhanced Memory Manager initialized with SQLite, text optimization, and keyword extraction
[03:12:55] [INFO] No existing memory files found - starting fresh
[03:12:55] [INFO] Backup created: 
C:\MCP\memory-reasoning-servers\test-memory-integration\.memory\backups\main_2025-11-24T03-12-55-691Z.json
[32mΓ£ô Edge case values handled[0m
[36m  Empty and minimal content accepted[0m
[03:12:55] [INFO] Deleted old backup: main_2025-11-24T03-12-55-420Z.json
[03:12:55] [INFO] Hybrid Memory Manager closed
[34m
======================================================================[0m
[35m28. BRANCH MERGE & DATA CONSOLIDATION[0m
[34m======================================================================[0m
[03:12:55] [INFO] Enhanced Memory Manager initialized with SQLite, text optimization, and keyword extraction
[03:12:55] [INFO] No existing memory files found - starting fresh
[03:12:55] [INFO] Backup created: 
C:\MCP\memory-reasoning-servers\test-memory-integration\.memory\backups\experimental_2025-11-24T03-12-55-763Z.json
[03:12:55] [INFO] Importing data to branch main: 1 entities, 0 relations
[32mΓ£ô Branch data successfully merged to main[0m
[36m  Feature promoted from experimental to main[0m
[03:12:55] [INFO] Deleted old backup: main_2025-11-24T03-12-55-481Z.json
[03:12:55] [INFO] Hybrid Memory Manager closed
[34m
======================================================================[0m
[35m29. SEARCH RESULT RELEVANCE & RANKING[0m
[34m======================================================================[0m
[03:12:55] [INFO] Enhanced Memory Manager initialized with SQLite, text optimization, and keyword extraction
[03:12:55] [INFO] No existing memory files found - starting fresh
[03:12:55] [INFO] Backup created: 
C:\MCP\memory-reasoning-servers\test-memory-integration\.memory\backups\main_2025-11-24T03-12-55-828Z.json
[32mΓ£ô Search finds multiple relevant results[0m
[36m  Found 6 payment-related entities[0m
[03:12:55] [INFO] Deleted old backup: main_2025-11-24T03-12-55-544Z.json
[03:12:55] [INFO] Hybrid Memory Manager closed
[34m
======================================================================[0m
[35m30. OBSERVATION ORDERING & TIME SEQUENCE[0m
[34m======================================================================[0m
[03:12:55] [INFO] Enhanced Memory Manager initialized with SQLite, text optimization, and keyword extraction
[03:12:55] [INFO] No existing memory files found - starting fresh
[03:12:55] [INFO] Backup created: 
C:\MCP\memory-reasoning-servers\test-memory-integration\.memory\backups\main_2025-11-24T03-12-55-897Z.json
[03:12:55] [INFO] Added 3 observations to "Evolving System"
[32mΓ£ô Observations maintain chronological order[0m
[36m  4 observations in sequence[0m
[32mΓ£ô Time sequence preserved from earliest to latest[0m
[03:12:55] [INFO] Deleted old backup: main_2025-11-24T03-12-55-623Z.json
[03:12:55] [INFO] Hybrid Memory Manager closed
[34m
======================================================================[0m
[35m31. CONTEXT DEPTH & RELATED ENTITY EXPANSION[0m
[34m======================================================================[0m
[03:12:55] [INFO] Enhanced Memory Manager initialized with SQLite, text optimization, and keyword extraction
[03:12:55] [INFO] No existing memory files found - starting fresh
[03:12:55] [INFO] Backup created: 
C:\MCP\memory-reasoning-servers\test-memory-integration\.memory\backups\main_2025-11-24T03-12-55-974Z.json
[03:12:55] [INFO] Created 3 of 3 relations in branch main
[32mΓ£ô Context expansion retrieves related entities[0m
[36m  Found 1 in context[0m
[03:12:55] [INFO] Deleted old backup: main_2025-11-24T03-12-55-620Z.json
[03:12:55] [INFO] Hybrid Memory Manager closed
[34m
======================================================================[0m
[35m32. CONCURRENT BRANCH OPERATIONS[0m
[34m======================================================================[0m
[03:12:56] [INFO] Enhanced Memory Manager initialized with SQLite, text optimization, and keyword extraction
[03:12:56] [INFO] No existing memory files found - starting fresh
[32mΓ£ô Concurrent branch creation handled[0m
[36m  Created 3 branches concurrently[0m
[03:12:56] [INFO] Backup created: 
C:\MCP\memory-reasoning-servers\test-memory-integration\.memory\backups\feature-1_2025-11-24T03-12-56-047Z.json
[03:12:56] [INFO] Backup created: 
C:\MCP\memory-reasoning-servers\test-memory-integration\.memory\backups\feature-3_2025-11-24T03-12-56-047Z.json
[03:12:56] [INFO] Backup created: 
C:\MCP\memory-reasoning-servers\test-memory-integration\.memory\backups\feature-2_2025-11-24T03-12-56-047Z.json
[32mΓ£ô Concurrent entity creation across branches[0m
[36m  All branches received entities[0m
[03:12:56] [INFO] Deleted old backup: main_2025-11-24T03-12-55-828Z.json
[03:12:56] [INFO] Deleted old backup: experimental_2025-11-24T03-12-55-763Z.json
[03:12:56] [INFO] Deleted old backup: main_2025-11-24T03-12-55-691Z.json
[03:12:56] [INFO] Hybrid Memory Manager closed
[34m
======================================================================[0m
[35m33. ENTITY UPDATE HISTORY & TRACKING[0m
[34m======================================================================[0m
[03:12:56] [INFO] Enhanced Memory Manager initialized with SQLite, text optimization, and keyword extraction
[03:12:56] [INFO] No existing memory files found - starting fresh
[03:12:56] [INFO] Backup created: 
C:\MCP\memory-reasoning-servers\test-memory-integration\.memory\backups\main_2025-11-24T03-12-56-116Z.json
[32mΓ£ô Entity updates tracked with timestamps[0m
[36m  Created: 2025-11-24T03:12:56.115Z, Updated: 2025-11-24T03:12:56.181Z[0m
[03:12:56] [INFO] Deleted old backup: main_2025-11-24T03-12-55-897Z.json
[03:12:56] [INFO] Hybrid Memory Manager closed
[34m
======================================================================[0m
[35m34. LARGE BATCH ENTITY RETRIEVAL[0m
[34m======================================================================[0m
[03:12:56] [INFO] Enhanced Memory Manager initialized with SQLite, text optimization, and keyword extraction
[03:12:56] [INFO] No existing memory files found - starting fresh
[03:12:56] [INFO] Backup created: 
C:\MCP\memory-reasoning-servers\test-memory-integration\.memory\backups\main_2025-11-24T03-12-56-338Z.json
[32mΓ£ô Large batch retrieval successful[0m
[36m  Retrieved 126 entities[0m
[03:12:56] [INFO] Deleted entity "Batch Entity 0" and all related data
[03:12:56] [INFO] Deleted entity "Batch Entity 1" and all related data
[03:12:56] [INFO] Deleted entity "Batch Entity 2" and all related data
[03:12:56] [INFO] Deleted entity "Batch Entity 3" and all related data
[03:12:56] [INFO] Deleted entity "Batch Entity 4" and all related data
[03:12:56] [INFO] Deleted entity "Batch Entity 5" and all related data
[03:12:56] [INFO] Deleted entity "Batch Entity 6" and all related data
[03:12:56] [INFO] Deleted entity "Batch Entity 7" and all related data
[03:12:56] [INFO] Deleted entity "Batch Entity 8" and all related data
[03:12:56] [INFO] Deleted entity "Batch Entity 9" and all related data
[03:12:56] [INFO] Deleted entity "Batch Entity 10" and all related data
[03:12:56] [INFO] Deleted entity "Batch Entity 11" and all related data
[03:12:56] [INFO] Deleted entity "Batch Entity 12" and all related data
[03:12:56] [INFO] Deleted entity "Batch Entity 13" and all related data
[03:12:56] [INFO] Deleted entity "Batch Entity 14" and all related data
[03:12:56] [INFO] Deleted entity "Batch Entity 15" and all related data
[03:12:56] [INFO] Deleted entity "Batch Entity 16" and all related data
[03:12:56] [INFO] Deleted entity "Batch Entity 17" and all related data
[03:12:56] [INFO] Deleted entity "Batch Entity 18" and all related data
[03:12:56] [INFO] Deleted entity "Batch Entity 19" and all related data
[03:12:56] [INFO] Deleted entity "Batch Entity 20" and all related data
[03:12:56] [INFO] Deleted entity "Batch Entity 21" and all related data
[03:12:56] [INFO] Deleted entity "Batch Entity 22" and all related data
[03:12:56] [INFO] Deleted entity "Batch Entity 23" and all related data
[03:12:56] [INFO] Deleted entity "Batch Entity 24" and all related data
[03:12:56] [INFO] Deleted entity "Batch Entity 25" and all related data
[03:12:56] [INFO] Deleted entity "Batch Entity 26" and all related data
[03:12:56] [INFO] Deleted entity "Batch Entity 27" and all related data
[03:12:56] [INFO] Deleted entity "Batch Entity 28" and all related data
[03:12:56] [INFO] Deleted entity "Batch Entity 29" and all related data
[03:12:56] [INFO] Deleted entity "Batch Entity 30" and all related data
[03:12:56] [INFO] Deleted entity "Batch Entity 31" and all related data
[03:12:56] [INFO] Deleted entity "Batch Entity 32" and all related data
[03:12:56] [INFO] Deleted entity "Batch Entity 33" and all related data
[03:12:56] [INFO] Deleted entity "Batch Entity 34" and all related data
[03:12:56] [INFO] Deleted entity "Batch Entity 35" and all related data
[03:12:56] [INFO] Deleted entity "Batch Entity 36" and all related data
[03:12:56] [INFO] Deleted entity "Batch Entity 37" and all related data
[03:12:56] [INFO] Deleted entity "Batch Entity 38" and all related data
[03:12:56] [INFO] Deleted entity "Batch Entity 39" and all related data
[03:12:56] [INFO] Deleted entity "Batch Entity 40" and all related data
[03:12:56] [INFO] Deleted entity "Batch Entity 41" and all related data
[03:12:56] [INFO] Deleted entity "Batch Entity 42" and all related data
[03:12:56] [INFO] Deleted entity "Batch Entity 43" and all related data
[03:12:56] [INFO] Deleted entity "Batch Entity 44" and all related data
[03:12:56] [INFO] Deleted entity "Batch Entity 45" and all related data
[03:12:56] [INFO] Deleted entity "Batch Entity 46" and all related data
[03:12:56] [INFO] Deleted entity "Batch Entity 47" and all related data
[03:12:56] [INFO] Deleted entity "Batch Entity 48" and all related data
[03:12:56] [INFO] Deleted entity "Batch Entity 49" and all related data
[03:12:56] [INFO] Deleted entity "Batch Entity 50" and all related data
[03:12:56] [INFO] Deleted entity "Batch Entity 51" and all related data
[03:12:56] [INFO] Deleted entity "Batch Entity 52" and all related data
[03:12:56] [INFO] Deleted entity "Batch Entity 53" and all related data
[03:12:56] [INFO] Deleted entity "Batch Entity 54" and all related data
[03:12:56] [INFO] Deleted entity "Batch Entity 55" and all related data
[03:12:56] [INFO] Deleted entity "Batch Entity 56" and all related data
[03:12:56] [INFO] Deleted entity "Batch Entity 57" and all related data
[03:12:56] [INFO] Deleted entity "Batch Entity 58" and all related data
[03:12:56] [INFO] Deleted entity "Batch Entity 59" and all related data
[03:12:56] [INFO] Deleted entity "Batch Entity 60" and all related data
[03:12:56] [INFO] Deleted entity "Batch Entity 61" and all related data
[03:12:56] [INFO] Deleted entity "Batch Entity 62" and all related data
[03:12:56] [INFO] Deleted entity "Batch Entity 63" and all related data
[03:12:56] [INFO] Deleted entity "Batch Entity 64" and all related data
[03:12:56] [INFO] Deleted entity "Batch Entity 65" and all related data
[03:12:56] [INFO] Deleted entity "Batch Entity 66" and all related data
[03:12:56] [INFO] Deleted entity "Batch Entity 67" and all related data
[03:12:56] [INFO] Deleted entity "Batch Entity 68" and all related data
[03:12:56] [INFO] Deleted entity "Batch Entity 69" and all related data
[03:12:56] [INFO] Deleted entity "Batch Entity 70" and all related data
[03:12:56] [INFO] Deleted entity "Batch Entity 71" and all related data
[03:12:56] [INFO] Deleted entity "Batch Entity 72" and all related data
[03:12:56] [INFO] Deleted entity "Batch Entity 73" and all related data
[03:12:56] [INFO] Deleted entity "Batch Entity 74" and all related data
[03:12:56] [INFO] Deleted entity "Batch Entity 75" and all related data
[03:12:56] [INFO] Deleted entity "Batch Entity 76" and all related data
[03:12:56] [INFO] Deleted entity "Batch Entity 77" and all related data
[03:12:56] [INFO] Deleted entity "Batch Entity 78" and all related data
[03:12:56] [INFO] Deleted entity "Batch Entity 79" and all related data
[03:12:56] [INFO] Deleted entity "Batch Entity 80" and all related data
[03:12:56] [INFO] Deleted entity "Batch Entity 81" and all related data
[03:12:56] [INFO] Deleted entity "Batch Entity 82" and all related data
[03:12:56] [INFO] Deleted entity "Batch Entity 83" and all related data
[03:12:56] [INFO] Deleted entity "Batch Entity 84" and all related data
[03:12:56] [INFO] Deleted entity "Batch Entity 85" and all related data
[03:12:56] [INFO] Deleted entity "Batch Entity 86" and all related data
[03:12:56] [INFO] Deleted entity "Batch Entity 87" and all related data
[03:12:56] [INFO] Deleted entity "Batch Entity 88" and all related data
[03:12:56] [INFO] Deleted entity "Batch Entity 89" and all related data
[03:12:56] [INFO] Deleted entity "Batch Entity 90" and all related data
[03:12:56] [INFO] Deleted entity "Batch Entity 91" and all related data
[03:12:56] [INFO] Deleted entity "Batch Entity 92" and all related data
[03:12:56] [INFO] Deleted entity "Batch Entity 93" and all related data
[03:12:56] [INFO] Deleted entity "Batch Entity 94" and all related data
[03:12:56] [INFO] Deleted entity "Batch Entity 95" and all related data
[03:12:56] [INFO] Deleted entity "Batch Entity 96" and all related data
[03:12:56] [INFO] Deleted entity "Batch Entity 97" and all related data
[03:12:56] [INFO] Deleted entity "Batch Entity 98" and all related data
[03:12:56] [INFO] Deleted entity "Batch Entity 99" and all related data
[03:12:56] [INFO] Deleted old backup: main_2025-11-24T03-12-55-974Z.json
[03:12:56] [INFO] Hybrid Memory Manager closed
[34m
======================================================================[0m
[35m35. KEYWORD-BASED ENTITY DISCOVERY[0m
[34m======================================================================[0m
[03:12:56] [INFO] Enhanced Memory Manager initialized with SQLite, text optimization, and keyword extraction
[03:12:56] [INFO] No existing memory files found - starting fresh
[03:12:56] [INFO] Backup created: 
C:\MCP\memory-reasoning-servers\test-memory-integration\.memory\backups\main_2025-11-24T03-12-56-487Z.json
[32mΓ£ô Keyword search discovers related entities[0m
[36m  Found 2 Python-related entities[0m
[32mΓ£ô Specific keyword search works[0m
[36m  Found Kubernetes-related entity[0m
[03:12:56] [INFO] Deleted old backup: feature-3_2025-11-24T03-12-56-047Z.json
[03:12:56] [INFO] Hybrid Memory Manager closed
[34m
======================================================================[0m
[35m36. ENTITY TYPE CLASSIFICATION[0m
[34m======================================================================[0m
[03:12:56] [INFO] Enhanced Memory Manager initialized with SQLite, text optimization, and keyword extraction
[03:12:56] [INFO] No existing memory files found - starting fresh
[03:12:56] [INFO] Backup created: 
C:\MCP\memory-reasoning-servers\test-memory-integration\.memory\backups\main_2025-11-24T03-12-56-568Z.json
[32mΓ£ô Entity type classification preserved[0m
[36m  Types found: system, process, service, module, feature, test, architecture, minimal, tools, document, fact, pattern, decision, insight[0m
[03:12:56] [INFO] Deleted old backup: feature-2_2025-11-24T03-12-56-047Z.json
[03:12:56] [INFO] Hybrid Memory Manager closed
[34m
======================================================================[0m
[35m37. OBSERVATION DELETION & CLEANUP[0m
[34m======================================================================[0m
[03:12:56] [INFO] Enhanced Memory Manager initialized with SQLite, text optimization, and keyword extraction
[03:12:56] [INFO] No existing memory files found - starting fresh
[03:12:56] [INFO] Backup created: 
C:\MCP\memory-reasoning-servers\test-memory-integration\.memory\backups\main_2025-11-24T03-12-56-725Z.json
[03:12:56] [INFO] Deleted 2 observations from "Entity with Many Observations"
[31mΓ£ù Specific observations deleted successfully[0m
[33m  Remaining observations: 5[0m
[32mΓ£ô Deleted observations removed from entity[0m
[03:12:56] [INFO] Deleted old backup: feature-1_2025-11-24T03-12-56-047Z.json
[03:12:56] [INFO] Hybrid Memory Manager closed
[34m
======================================================================[0m
[35m38. BRANCH-SPECIFIC ENTITY ISOLATION[0m
[34m======================================================================[0m
[03:12:56] [INFO] Enhanced Memory Manager initialized with SQLite, text optimization, and keyword extraction
[03:12:56] [INFO] No existing memory files found - starting fresh
[03:12:56] [INFO] Backup created: 
C:\MCP\memory-reasoning-servers\test-memory-integration\.memory\backups\main_2025-11-24T03-12-56-884Z.json
[03:12:56] [INFO] Backup created: 
C:\MCP\memory-reasoning-servers\test-memory-integration\.memory\backups\isolated-branch_2025-11-24T03-12-56-886Z.json
[32mΓ£ô Branch isolation maintained for same-named entities[0m
[36m  Different content in different branches[0m
[03:12:56] [INFO] Deleted old backup: main_2025-11-24T03-12-56-338Z.json
[03:12:56] [INFO] Deleted old backup: main_2025-11-24T03-12-56-116Z.json
[03:12:56] [INFO] Hybrid Memory Manager closed
[34m
======================================================================[0m
[35m39. RELATIONSHIP TYPE VARIETY[0m
[34m======================================================================[0m
[03:12:57] [INFO] Enhanced Memory Manager initialized with SQLite, text optimization, and keyword extraction
[03:12:57] [INFO] No existing memory files found - starting fresh
[03:12:57] [INFO] Backup created: 
C:\MCP\memory-reasoning-servers\test-memory-integration\.memory\backups\main_2025-11-24T03-12-57-052Z.json
[03:12:57] [INFO] Created 4 of 4 relations in branch main
[32mΓ£ô Multiple relationship types supported[0m
[36m  Relationship types: depends_on, calls_back_to, extends, uses, similar_to[0m
[03:12:57] [INFO] Deleted old backup: main_2025-11-24T03-12-56-487Z.json
[03:12:57] [INFO] Hybrid Memory Manager closed
[34m
======================================================================[0m
[35m40. FULL TEXT SEARCH ACCURACY[0m
[34m======================================================================[0m
[03:12:57] [INFO] Enhanced Memory Manager initialized with SQLite, text optimization, and keyword extraction
[03:12:57] [INFO] No existing memory files found - starting fresh
[03:12:57] [INFO] Backup created: 
C:\MCP\memory-reasoning-servers\test-memory-integration\.memory\backups\main_2025-11-24T03-12-57-226Z.json
[31mΓ£ù Full-text search finds exact term matches[0m
[31mΓ£ù Search differentiates similar terms[0m
[33m  Authentication vs Authorization distinguished[0m
[03:12:57] [INFO] Deleted old backup: main_2025-11-24T03-12-56-568Z.json
[03:12:57] [INFO] Hybrid Memory Manager closed
[34m
======================================================================[0m
[35m41. DATA CONSISTENCY AFTER ERRORS[0m
[34m======================================================================[0m
[03:12:57] [INFO] Enhanced Memory Manager initialized with SQLite, text optimization, and keyword extraction
[03:12:57] [INFO] No existing memory files found - starting fresh
[03:12:57] [INFO] Backup created: 
C:\MCP\memory-reasoning-servers\test-memory-integration\.memory\backups\main_2025-11-24T03-12-57-384Z.json
[03:12:57] [ERROR] Failed to create entity "Valid Entity Before Error": Error: Entity "Valid Entity Before Error" 
already exists
    at SQLiteEntityOperations.createSingleEntity 
(file:///C:/MCP/memory-reasoning-servers/dist/modules/sqlite/sqlite-entity-operations.js:124:19)
    at async SQLiteEntityOperations.createEntities 
(file:///C:/MCP/memory-reasoning-servers/dist/modules/sqlite/sqlite-entity-operations.js:15:39)
    at async ModularSQLiteOperations.createEntities 
(file:///C:/MCP/memory-reasoning-servers/dist/modules/sqlite/index.js:27:16)
    at async HybridMemoryManager.createEntities 
(file:///C:/MCP/memory-reasoning-servers/dist/modules/hybrid-memory-manager.js:109:28)
    at async runTests (file:///C:/MCP/memory-reasoning-servers/test-adaptive-reasoning.js:1402:7)
[03:12:57] [INFO] Backup created: 
C:\MCP\memory-reasoning-servers\test-memory-integration\.memory\backups\main_2025-11-24T03-12-57-387Z.json
[32mΓ£ô Data consistency maintained after errors[0m
[36m  Original entity unchanged after failed operation[0m
[03:12:57] [INFO] Deleted old backup: main_2025-11-24T03-12-56-884Z.json
[03:12:57] [INFO] Deleted old backup: main_2025-11-24T03-12-56-725Z.json
[03:12:57] [INFO] Hybrid Memory Manager closed
[34m
======================================================================[0m
[35m42. SMART BRANCH SUGGESTION[0m
[34m======================================================================[0m
[03:12:57] [INFO] Enhanced Memory Manager initialized with SQLite, text optimization, and keyword extraction
[03:12:57] [INFO] No existing memory files found - starting fresh
[32mΓ£ô Branch suggestion provides intelligent recommendations[0m
[36m  Suggestions: authentication, database, frontend-ui[0m
[03:12:57] [INFO] Hybrid Memory Manager closed
[34m
======================================================================[0m
[35m43. WHITESPACE & FORMATTING PRESERVATION[0m
[34m======================================================================[0m
[03:12:57] [INFO] Enhanced Memory Manager initialized with SQLite, text optimization, and keyword extraction
[03:12:57] [INFO] No existing memory files found - starting fresh
[03:12:57] [INFO] Backup created: 
C:\MCP\memory-reasoning-servers\test-memory-integration\.memory\backups\main_2025-11-24T03-12-57-756Z.json
[32mΓ£ô Formatted content preserved[0m
[36m  Code formatting maintained[0m
[03:12:57] [INFO] Deleted old backup: isolated-branch_2025-11-24T03-12-56-886Z.json
[03:12:57] [INFO] Hybrid Memory Manager closed
[34m
======================================================================[0m
[35m44. ENTITY CONTENT UPDATES[0m
[34m======================================================================[0m
[03:12:57] [INFO] Enhanced Memory Manager initialized with SQLite, text optimization, and keyword extraction
[03:12:57] [INFO] No existing memory files found - starting fresh
[03:12:57] [INFO] Backup created: 
C:\MCP\memory-reasoning-servers\test-memory-integration\.memory\backups\main_2025-11-24T03-12-57-954Z.json
[32mΓ£ô Entity content updates preserved[0m
[36m  New content includes v2 and validation[0m
[03:12:57] [INFO] Deleted old backup: main_2025-11-24T03-12-57-052Z.json
[03:12:57] [INFO] Hybrid Memory Manager closed
[34m
======================================================================[0m
[35m45. CROSS-REFERENCE RETRIEVAL[0m
[34m======================================================================[0m
[03:12:58] [INFO] Enhanced Memory Manager initialized with SQLite, text optimization, and keyword extraction
[03:12:58] [INFO] No existing memory files found - starting fresh
[03:12:58] [INFO] Backup created: 
C:\MCP\memory-reasoning-servers\test-memory-integration\.memory\backups\api-docs_2025-11-24T03-12-58-127Z.json
[03:12:58] [INFO] Backup created: 
C:\MCP\memory-reasoning-servers\test-memory-integration\.memory\backups\implementation_2025-11-24T03-12-58-129Z.json
[03:12:58] [INFO] Created cross-reference: "User API Documentation" -> "User Service Implementation" (implementation)
[32mΓ£ô Cross-referenced entity accessible[0m
[36m  Documentation entity with cross-reference[0m
[03:12:58] [INFO] Deleted old backup: main_2025-11-24T03-12-57-384Z.json
[03:12:58] [INFO] Deleted old backup: main_2025-11-24T03-12-57-226Z.json
[03:12:58] [INFO] Hybrid Memory Manager closed
[34m
======================================================================[0m
[35mTEST RESULTS SUMMARY[0m
[34m======================================================================[0m
[36m
Total Tests: 83[0m
[32mPassed: 79[0m
[31mFailed: 4[0m
[33mPass Rate: 95.2%
[0m
[33mΓÜá∩╕Å  Some tests failed. Please review the output above.[0m
[36m
≡ƒº╣ Cleaning up test directory...[0m
[32mΓ£ô Test directory cleaned up[0m
